Progress: resolved 1, reused 0, downloaded 0, added 0
Progress: resolved 9, reused 8, downloaded 0, added 0
Progress: resolved 17, reused 16, downloaded 0, added 0
Progress: resolved 21, reused 17, downloaded 0, added 0
Progress: resolved 50, reused 50, downloaded 0, added 0
Progress: resolved 97, reused 90, downloaded 0, added 0
Progress: resolved 137, reused 127, downloaded 0, added 0
Progress: resolved 175, reused 168, downloaded 0, added 0
Progress: resolved 215, reused 209, downloaded 0, added 0
Progress: resolved 318, reused 272, downloaded 0, added 0
Progress: resolved 383, reused 331, downloaded 0, added 0
Progress: resolved 425, reused 372, downloaded 0, added 0
Progress: resolved 460, reused 406, downloaded 0, added 0
Progress: resolved 503, reused 451, downloaded 0, added 0
Progress: resolved 560, reused 508, downloaded 0, added 0
Progress: resolved 624, reused 572, downloaded 0, added 0
Progress: resolved 718, reused 636, downloaded 0, added 0
Progress: resolved 780, reused 705, downloaded 0, added 0
Progress: resolved 846, reused 770, downloaded 0, added 0
Progress: resolved 883, reused 808, downloaded 0, added 0
Progress: resolved 945, reused 870, downloaded 0, added 0
Progress: resolved 1028, reused 953, downloaded 0, added 0
Progress: resolved 1103, reused 1028, downloaded 0, added 0
Progress: resolved 1161, reused 1086, downloaded 0, added 0
 WARN  7 deprecated subdependencies found: @sanity/next-loader@1.7.5, get-random-values-esm@1.0.2, glob@10.3.16, glob@10.4.5, glob@10.5.0, uuid@8.3.2, whatwg-encoding@3.1.1
Progress: resolved 1170, reused 1094, downloaded 0, added 0
Packages: +1094
++++++++++++++++++++++++++++++++++++++++++++++++++++++++++++++++++++++++++++++++
Progress: resolved 1170, reused 1094, downloaded 1, added 317
Progress: resolved 1170, reused 1094, downloaded 1, added 623
Progress: resolved 1170, reused 1094, downloaded 1, added 797, done
.../esbuild@0.25.6/node_modules/esbuild postinstall$ node install.js
.../sharp@0.34.5/node_modules/sharp install$ node install/check.js || npm run build
.../esbuild@0.25.6/node_modules/esbuild postinstall: Done
.../sharp@0.34.5/node_modules/sharp install: Done

dependencies:
+ @portabletext/react 3.2.4 (6.2.0 is available)
+ @sanity/image-url 1.2.0 (2.1.1 is available)
+ @sanity/vision 3.99.0 (6.0.0 is available)
+ framer-motion 12.40.0
+ next 15.5.19 (16.2.9 is available)
+ next-sanity 9.12.3 (13.1.0 is available)
+ react 19.2.7
+ react-dom 19.2.7
+ resend 4.8.0 (6.12.4 is available)
+ sanity 3.99.0 (6.0.0 is available)
+ styled-components 6.4.2

devDependencies:
+ @types/node 22.19.21 (25.9.3 is available)
+ @types/react 19.2.17
+ @types/react-dom 19.2.3
+ autoprefixer 10.5.0
+ postcss 8.5.15
+ tailwindcss 3.4.19 (4.3.1 is available)
+ typescript 5.9.3 (6.0.3 is available)

Done in 31.6s using pnpm v9.15.9
